[      86ms] [ERROR] Failed to load resource: the server responded with a status of 401 () @ https://nextjs-study-6j2k-jyoqqs5tm-shc-study-s-projects.vercel.app/:0
[     430ms] [ERROR] Loading the font 'https://k2mkucxia43oc7fa.public.blob.vercel-storage.com/front/fonts/space-mono/space-mono-v11-latin-regular.woff2' violates the following Content Security Policy directive: "font-src 'self' *.vercel.com *.gstatic.com vercel.live". The action has been blocked. @ https://vercel.com/login?next=%2Fsso-api%3Furl%3Dhttps%253A%252F%252Fnextjs-study-6j2k-jyoqqs5tm-shc-study-s-projects.vercel.app%252F%26nonce%3D424eebc00dd7126cccd5bde7e494283354ec8e6fc2f5b02d36350615aa859fb9:76
[     484ms] [LOG] %c
▲

    ____                               _ __
   / __ \________  ____ _____ ___     (_) /_
  / / / / ___/ _ \/ __ `/ __ `__ \   / / __/
 / /_/ / /  /  __/ /_/ / / / / / /  / / /__
/_____/_/   \___/\__,_/_/ /_/ /_/  /_/\__( )
   _____ __    _          _ __           |/
  / ___// /_  (_)___     (_) /_
  \__ \/ __ \/ / __ \   / / __/
 ___/ / / / / / /_/ /  / / /_
/____/_/ /_/_/ .___/  /_/\__/
            /_/
  

Hello!

- Open Source https://vercel.com/oss
- Careers https://vercel.com/careers
- Status https://vercel-status.com

 font-family: "Geist Mono", monospace; white-space: pre; line-height: 1; @ https://vercel.com/_next/static/chunks/19_byo0tfp960.js?dpl=dpl_DZk3FoFDKyPBBKCekXZttF78rWmX:78
[     964ms] [WARNING] Deprecated API for given entry type. @ https://vercel.com/_next/static/chunks/1c40oo-wfuz2f.js?dpl=dpl_DZk3FoFDKyPBBKCekXZttF78rWmX:18
[    1052ms] [WARNING] [GSI_LOGGER]: Your client application uses one of the Google One Tap prompt UI status methods that may stop functioning when FedCM becomes mandatory. Refer to the migration guide to update your code accordingly and opt-in to FedCM to test your changes. Learn more: https://developers.google.com/identity/gsi/web/guides/fedcm-migration?s=dc#display_moment and https://developers.google.com/identity/gsi/web/guides/fedcm-migration?s=dc#skipped_moment @ https://vercel.com/_next/static/chunks/1c40oo-wfuz2f.js?dpl=dpl_DZk3FoFDKyPBBKCekXZttF78rWmX:16
[    1058ms] [ERROR] Not signed in with the identity provider. @ https://vercel.com/login?next=%2Fsso-api%3Furl%3Dhttps%253A%252F%252Fnextjs-study-6j2k-jyoqqs5tm-shc-study-s-projects.vercel.app%252F%26nonce%3D424eebc00dd7126cccd5bde7e494283354ec8e6fc2f5b02d36350615aa859fb9:0
[    1082ms] [ERROR] Failed to load resource: the server responded with a status of 429 () @ https://o205439.ingest.sentry.io/api/1323670/envelope/?sentry_key=d00780d432ac4ccf882f60dd02062e14&sentry_version=7&sentry_client=sentry.javascript.browser%2F7.111.0:0
[    1091ms] [ERROR] Failed to load resource: the server responded with a status of 403 () @ https://vercel.com/api/jwt:0
[    3258ms] [ERROR] [GSI_LOGGER]: FedCM get() rejects with NetworkError: Error retrieving a token. @ https://vercel.com/_next/static/chunks/16c9vy3mpof1s.js?dpl=dpl_DZk3FoFDKyPBBKCekXZttF78rWmX:1
[    3313ms] [ERROR] Failed to load resource: the server responded with a status of 429 () @ https://o205439.ingest.sentry.io/api/1323670/envelope/?sentry_key=d00780d432ac4ccf882f60dd02062e14&sentry_version=7&sentry_client=sentry.javascript.browser%2F7.111.0:0
[    6367ms] [WARNING] The resource https://vercel.com/_next/static/media/adobe-light.406_7oryl71va.svg?dpl=dpl_DZk3FoFDKyPBBKCekXZttF78rWmX was preloaded using link preload but not used within a few seconds from the window's load event. Please make sure it has an appropriate `as` value and it is preloaded intentionally. @ https://vercel.com/login?next=%2Fsso-api%3Furl%3Dhttps%253A%252F%252Fnextjs-study-6j2k-jyoqqs5tm-shc-study-s-projects.vercel.app%252F%26nonce%3D424eebc00dd7126cccd5bde7e494283354ec8e6fc2f5b02d36350615aa859fb9:0
[    6367ms] [WARNING] The resource https://vercel.com/_next/static/chunks/389fqnv9daql5.css?dpl=dpl_DZk3FoFDKyPBBKCekXZttF78rWmX was preloaded using link preload but not used within a few seconds from the window's load event. Please make sure it has an appropriate `as` value and it is preloaded intentionally. @ https://vercel.com/login?next=%2Fsso-api%3Furl%3Dhttps%253A%252F%252Fnextjs-study-6j2k-jyoqqs5tm-shc-study-s-projects.vercel.app%252F%26nonce%3D424eebc00dd7126cccd5bde7e494283354ec8e6fc2f5b02d36350615aa859fb9:0
[    6367ms] [WARNING] The resource https://vercel.com/_next/static/media/ebay-light.3ft_ki8203ov0.svg?dpl=dpl_DZk3FoFDKyPBBKCekXZttF78rWmX was preloaded using link preload but not used within a few seconds from the window's load event. Please make sure it has an appropriate `as` value and it is preloaded intentionally. @ https://vercel.com/login?next=%2Fsso-api%3Furl%3Dhttps%253A%252F%252Fnextjs-study-6j2k-jyoqqs5tm-shc-study-s-projects.vercel.app%252F%26nonce%3D424eebc00dd7126cccd5bde7e494283354ec8e6fc2f5b02d36350615aa859fb9:0
[    6367ms] [WARNING] The resource https://vercel.com/_next/static/media/stripe-light.2l_1jctpe6k_4.svg?dpl=dpl_DZk3FoFDKyPBBKCekXZttF78rWmX was preloaded using link preload but not used within a few seconds from the window's load event. Please make sure it has an appropriate `as` value and it is preloaded intentionally. @ https://vercel.com/login?next=%2Fsso-api%3Furl%3Dhttps%253A%252F%252Fnextjs-study-6j2k-jyoqqs5tm-shc-study-s-projects.vercel.app%252F%26nonce%3D424eebc00dd7126cccd5bde7e494283354ec8e6fc2f5b02d36350615aa859fb9:0
[    6367ms] [WARNING] The resource https://vercel.com/_next/static/media/ebay-dark.34mho2a18qqlt.svg?dpl=dpl_DZk3FoFDKyPBBKCekXZttF78rWmX was preloaded using link preload but not used within a few seconds from the window's load event. Please make sure it has an appropriate `as` value and it is preloaded intentionally. @ https://vercel.com/login?next=%2Fsso-api%3Furl%3Dhttps%253A%252F%252Fnextjs-study-6j2k-jyoqqs5tm-shc-study-s-projects.vercel.app%252F%26nonce%3D424eebc00dd7126cccd5bde7e494283354ec8e6fc2f5b02d36350615aa859fb9:0
[    6367ms] [WARNING] The resource https://vercel.com/_next/static/media/stripe-dark.16ozjth2vgb_3.svg?dpl=dpl_DZk3FoFDKyPBBKCekXZttF78rWmX was preloaded using link preload but not used within a few seconds from the window's load event. Please make sure it has an appropriate `as` value and it is preloaded intentionally. @ https://vercel.com/login?next=%2Fsso-api%3Furl%3Dhttps%253A%252F%252Fnextjs-study-6j2k-jyoqqs5tm-shc-study-s-projects.vercel.app%252F%26nonce%3D424eebc00dd7126cccd5bde7e494283354ec8e6fc2f5b02d36350615aa859fb9:0
[   14562ms] [WARNING] The resource https://vercel.com/_next/static/media/adobe-light.406_7oryl71va.svg?dpl=dpl_DZk3FoFDKyPBBKCekXZttF78rWmX was preloaded using link preload but not used within a few seconds from the window's load event. Please make sure it has an appropriate `as` value and it is preloaded intentionally. @ https://vercel.com/login?next=%2Fsso-api%3Furl%3Dhttps%253A%252F%252Fnextjs-study-6j2k-jyoqqs5tm-shc-study-s-projects.vercel.app%252F%26nonce%3D424eebc00dd7126cccd5bde7e494283354ec8e6fc2f5b02d36350615aa859fb9:0
[   14562ms] [WARNING] The resource https://vercel.com/_next/static/chunks/389fqnv9daql5.css?dpl=dpl_DZk3FoFDKyPBBKCekXZttF78rWmX was preloaded using link preload but not used within a few seconds from the window's load event. Please make sure it has an appropriate `as` value and it is preloaded intentionally. @ https://vercel.com/login?next=%2Fsso-api%3Furl%3Dhttps%253A%252F%252Fnextjs-study-6j2k-jyoqqs5tm-shc-study-s-projects.vercel.app%252F%26nonce%3D424eebc00dd7126cccd5bde7e494283354ec8e6fc2f5b02d36350615aa859fb9:0
[   14562ms] [WARNING] The resource https://vercel.com/_next/static/media/ebay-light.3ft_ki8203ov0.svg?dpl=dpl_DZk3FoFDKyPBBKCekXZttF78rWmX was preloaded using link preload but not used within a few seconds from the window's load event. Please make sure it has an appropriate `as` value and it is preloaded intentionally. @ https://vercel.com/login?next=%2Fsso-api%3Furl%3Dhttps%253A%252F%252Fnextjs-study-6j2k-jyoqqs5tm-shc-study-s-projects.vercel.app%252F%26nonce%3D424eebc00dd7126cccd5bde7e494283354ec8e6fc2f5b02d36350615aa859fb9:0
[   14562ms] [WARNING] The resource https://vercel.com/_next/static/media/stripe-light.2l_1jctpe6k_4.svg?dpl=dpl_DZk3FoFDKyPBBKCekXZttF78rWmX was preloaded using link preload but not used within a few seconds from the window's load event. Please make sure it has an appropriate `as` value and it is preloaded intentionally. @ https://vercel.com/login?next=%2Fsso-api%3Furl%3Dhttps%253A%252F%252Fnextjs-study-6j2k-jyoqqs5tm-shc-study-s-projects.vercel.app%252F%26nonce%3D424eebc00dd7126cccd5bde7e494283354ec8e6fc2f5b02d36350615aa859fb9:0
[   14562ms] [WARNING] The resource https://vercel.com/_next/static/media/ebay-dark.34mho2a18qqlt.svg?dpl=dpl_DZk3FoFDKyPBBKCekXZttF78rWmX was preloaded using link preload but not used within a few seconds from the window's load event. Please make sure it has an appropriate `as` value and it is preloaded intentionally. @ https://vercel.com/login?next=%2Fsso-api%3Furl%3Dhttps%253A%252F%252Fnextjs-study-6j2k-jyoqqs5tm-shc-study-s-projects.vercel.app%252F%26nonce%3D424eebc00dd7126cccd5bde7e494283354ec8e6fc2f5b02d36350615aa859fb9:0
[   14562ms] [WARNING] The resource https://vercel.com/_next/static/media/stripe-dark.16ozjth2vgb_3.svg?dpl=dpl_DZk3FoFDKyPBBKCekXZttF78rWmX was preloaded using link preload but not used within a few seconds from the window's load event. Please make sure it has an appropriate `as` value and it is preloaded intentionally. @ https://vercel.com/login?next=%2Fsso-api%3Furl%3Dhttps%253A%252F%252Fnextjs-study-6j2k-jyoqqs5tm-shc-study-s-projects.vercel.app%252F%26nonce%3D424eebc00dd7126cccd5bde7e494283354ec8e6fc2f5b02d36350615aa859fb9:0
